#
# A fatal error has been detected by the Java Runtime Environment:
#
#  SIGBUS (0xa) at pc=0x0000000105a4e140, pid=67571, tid=0x0000000000006703
#
# JRE version: OpenJDK Runtime Environment (8.0_345-b01) (build 1.8.0_345-b01)
# Java VM: OpenJDK 64-Bit Server VM (25.345-b01 mixed mode bsd-aarch64 compressed oops)
# Problematic frame:
# V  [libjvm.dylib+0x42a140]  nmethod::find_pc_desc_internal(unsigned char*, bool)+0x108
#
# Failed to write core dump. Core dumps have been disabled. To enable core dumping, try "ulimit -c unlimited" before starting Java again
#
# If you would like to submit a bug report, please visit:
#   https://bell-sw.com/support
#

---------------  T H R E A D  ---------------

Current thread (0x000000012612a800):  JavaThread "http-nio-8728-exec-10" daemon [_thread_in_Java, id=26371, stack(0x0000000178834000,0x0000000178a37000)]

siginfo: si_signo: 10 (SIGBUS), si_code: 1 (BUS_ADRALN), si_addr: 0x000000012be27688

Registers:
 x0=0x000000012be403b0  x1=0x0000000000000244  x2=0x0000000000000000  x3=0x0000000000000004
 x4=0x0000000184373a4f  x5=0x0000000178a340b0  x6=0x0000000000000031  x7=0x000000000000000c
 x8=0x0000000000000000  x9=0x000000012be27688 x10=0x000000012be403b0 x11=0x000000012be40840
x12=0x0000000000000b70 x13=0x0000000000000000 x14=0x0000000000000f24 x15=0x00000000ffff7dff
x16=0x000000018445beac x17=0x00000001e3600670 x18=0x000000076b128a30 x19=0x000000012be27590
x20=0x0000000000000000 x21=0x0000000000000244 x22=0x000000012be27688 x23=0x0000000000000001
x24=0x0000000000000001 x25=0x000000076b11eb60 x26=0x0000000000000001 x27=0x0000000000000000
x28=0x000000012612a800  fp=0x0000000178a33900  lr=0x0000000105a4e094  sp=0x0000000178a338e0
pc=0x0000000105a4e140 cpsr=0x0000000060001000
Top of Stack: (sp=0x0000000178a338e0)
0x0000000178a338e0:   0000000178a344a0 0000000178a34420
0x0000000178a338f0:   000000012be27590 0000000178a339a0
0x0000000178a33900:   0000000178a33910 0000000105a4e6e4
0x0000000178a33910:   0000000178a33930 00000001058002f0
0x0000000178a33920:   0000000000000001 0000000178a339a0
0x0000000178a33930:   0000000178a33960 00000001058003e0
0x0000000178a33940:   00000000000007d8 0000000000000004
0x0000000178a33950:   0000000000000001 000000012937a400
0x0000000178a33960:   0000000178a340a0 0000000105b6d3c8
0x0000000178a33970:   00000006c1b0cb28 000000076b122df8
0x0000000178a33980:   000000076b11dd98 000000076b122e10
0x0000000178a33990:   000000076b122600 000000076b122e10
0x0000000178a339a0:   0000000178a34420 000000012be281c4
0x0000000178a339b0:   000000012be27590 0000000100000000
0x0000000178a339c0:   0000000178a369b0 0000000178a344a0
0x0000000178a339d0:   0000000178a343c0 000000012980ba18
0x0000000178a339e0:   0000000129805050 0000000100000000
0x0000000178a339f0:   0000000178a34410 0000000178a343c0
0x0000000178a33a00:   0000000178a369b0 000000012b2df108
0x0000000178a33a10:   0000000000000010 0000000105bad645
0x0000000178a33a20:   0000000000000001 00000000fffffffe
0x0000000178a33a30:   0000000000000000 0000000000000042
0x0000000178a33a40:   0000000000000001 0000000000000000
0x0000000178a33a50:   0000000178a33d57 000000000000000a
0x0000000178a33a60:   0000000178a33e50 6b618001842fdbc0
0x0000000178a33a70:   000000076b122df8 0000000178a34278
0x0000000178a33a80:   00000006c1b0cac0 0000000178a34280
0x0000000178a33a90:   00000006c1b0cb28 0000000178a34288
0x0000000178a33aa0:   0000000178a33d56 0000000178a33d5b
0x0000000178a33ab0:   00000000c223f850 0000000178a33d5a
0x0000000178a33ac0:   00000001843758d4 0000000000000000
0x0000000178a33ad0:   0000000105bad616 0000000000000000 

Instructions: (pc=0x0000000105a4e140)
0x0000000105a4e120:   4a fa ff 54 03 00 00 14 1f 01 15 6b e1 f9 ff 54
0x0000000105a4e130:   08 00 80 d2 69 e2 03 91 ea 03 00 aa 2b 69 68 f8
0x0000000105a4e140:   2a 69 28 f8 08 21 00 91 ea 03 0b aa 1f 81 00 f1
0x0000000105a4e150:   61 ff ff 54 c6 ff ff 17 ff 43 01 d1 fd 7b 04 a9 


Register to memory mapping:

 x0=0x000000012be403b0 is at entry_point+99376 in (nmethod*)0x000000012be27590
 x1=0x0000000000000244 is an unknown value
 x2=0x0000000000000000 is an unknown value
 x3=0x0000000000000004 is an unknown value
 x4=0x0000000184373a4f: __vfprintf.xdigs_lower+0 in /usr/lib/system/libsystem_c.dylib at 0x00000001842fa000
 x5=0x0000000178a340b0 is pointing into the stack for thread: 0x000000012612a800
 x6=0x0000000000000031 is an unknown value
 x7=0x000000000000000c is an unknown value
 x8=0x0000000000000000 is an unknown value
 x9=0x000000012be27688 is at entry_point+-2296 in (nmethod*)0x000000012be27590
x10=0x000000012be403b0 is at entry_point+99376 in (nmethod*)0x000000012be27590
x11=0x000000012be40840 is at entry_point+100544 in (nmethod*)0x000000012be27590
x12=0x0000000000000b70 is an unknown value
x13=0x0000000000000000 is an unknown value
x14=0x0000000000000f24 is an unknown value
x15=0x00000000ffff7dff is an unknown value
x16=0x000000018445beac: pthread_getspecific+0 in /usr/lib/system/libsystem_pthread.dylib at 0x000000018445a000
x17=0x00000001e3600670 is an unknown value
x18=0x000000076b128a30 is an oop
org.mybatis.spring.SqlSessionUtils$$Lambda$1386/465664976 
 - klass: 'org/mybatis/spring/SqlSessionUtils$$Lambda$1386'
x19=0x000000012be27590 is at entry_point+-2544 in (nmethod*)0x000000012be27590
x20=0x0000000000000000 is an unknown value
x21=0x0000000000000244 is an unknown value
x22=0x000000012be27688 is at entry_point+-2296 in (nmethod*)0x000000012be27590
x23=0x0000000000000001 is an unknown value
x24=0x0000000000000001 is an unknown value
x25=0x000000076b11eb60 is an oop
[Ljava.lang.Object; 
 - klass: 'java/lang/Object'[]
 - length: 1
x26=0x0000000000000001 is an unknown value
x27=0x0000000000000000 is an unknown value
x28=0x000000012612a800 is a thread


Stack: [0x0000000178834000,0x0000000178a37000],  sp=0x0000000178a338e0,  free space=2046k
Native frames: (J=compiled Java code, j=interpreted, Vv=VM code, C=native code)
V  [libjvm.dylib+0x42a140]  nmethod::find_pc_desc_internal(unsigned char*, bool)+0x108
V  [libjvm.dylib+0x42a6e4]  nmethod::is_method_handle_return(unsigned char*)+0x40
V  [libjvm.dylib+0x1dc2f0]  frame::adjust_unextended_sp()+0x58
V  [libjvm.dylib+0x1dc3e0]  frame::sender_for_interpreter_frame(RegisterMap*) const+0x58
V  [libjvm.dylib+0x5493c8]  vframeArray::unpack_to_stack(frame&, int, int)+0xa8
V  [libjvm.dylib+0x190f40]  Deoptimization::unpack_frames(JavaThread*, int)+0x98
v  ~DeoptimizationBlob
